2026-05-09 10:03:23 action=rejected count=0 errors=1 source=cli
2026-05-09 10:03:23 action=rejected count=0 errors=1 source=cli
2026-05-09 10:03:23 action=rejected count=0 errors=1 source=cli
2026-05-09 10:03:23 action=write count=1 errors=0 source=cli
2026-05-09 10:05:37 action=clear count=0 errors=0 source=manual
2026-05-09 10:05:37 action=write count=1 errors=0 source=cli
2026-05-09 11:40:16 action=clear count=0 errors=0 source=manual
2026-05-09 11:40:31 action=clear count=0 errors=0 source=manual
2026-05-09 11:41:53 action=write count=1 errors=0 source=cli
2026-05-09 11:43:57 action=write count=1 errors=0 source=cli
2026-05-09 11:45:28 action=clear count=0 errors=0 source=manual
2026-05-09 12:24:13 action=clear count=0 errors=0 source=manual
2026-05-09 12:24:23 action=clear count=0 errors=0 source=manual
2026-05-09 12:30:46 action=clear count=0 errors=0 source=manual
2026-05-09 12:31:15 action=clear count=0 errors=0 source=manual
2026-05-09 12:31:15 action=write count=1 errors=0 source=cli
2026-05-09 12:58:00 action=clear count=0 errors=0 source=manual
2026-05-09 14:02:08 action=clear count=0 errors=0 source=manual
2026-05-09 14:03:49 action=clear count=0 errors=0 source=manual
2026-05-09 14:03:50 action=collect count=5 cleared=5 source=cocoindex_flags
2026-05-09 14:03:50 action=rejected count=0 errors=5 source=raw/cocoindex_delta.txt
2026-05-09 14:09:25 action=clear count=0 errors=0 source=manual
2026-05-09 14:09:25 action=rejected count=0 errors=5 source=raw/cocoindex_delta.txt
2026-05-09 14:12:39 action=clear count=0 errors=0 source=manual
2026-05-09 14:24:58 action=clear count=0 errors=0 source=manual
2026-05-09 14:28:33 action=clear count=0 errors=0 source=manual
2026-05-09 14:29:56 action=collect count=8 cleared=8 source=cocoindex_flags
2026-05-09 14:29:56 action=write count=8 errors=0 source=raw/cocoindex_delta.txt
2026-05-11 07:01:00 action=write count=8 errors=0 source=raw/cocoindex_delta.txt
2026-05-11 07:08:53 action=collect count=8 cleared=8 source=cocoindex_flags
2026-05-11 07:09:36 action=write count=8 errors=0 source=raw/cocoindex_delta.txt
2026-06-07 09:47:36 action=write count=174 errors=8 source=tier0-discovery
2026-06-07 10:45:33 action=write count=174 errors=8 source=tier0-discovery
2026-06-07 17:00:49 action=write count=174 errors=8 source=tier0-discovery
2026-06-07 17:11:08 action=write count=174 errors=8 source=tier0-discovery
2026-06-07 17:11:35 action=write count=174 errors=8 source=tier0-discovery
2026-06-07 17:26:28 action=write count=174 errors=8 source=tier0-discovery
2026-06-07 17:27:36 action=write count=135 errors=8 source=tier0-discovery
2026-06-07 17:51:52 action=write count=135 errors=8 source=tier0-discovery
2026-06-07 17:59:45 action=write count=135 errors=0 source=tier0-discovery
2026-06-07 18:01:50 action=write count=135 errors=0 source=tier0-discovery
2026-06-07 19:48:40 action=write count=135 errors=0 source=tier0-discovery
